// Jest Snapshot v1, https://goo.gl/fbAQLP

exports[`renders correctly 1`] = `
<View
  style={
    Object {
      "alignItems": "center",
      "backgroundColor": "#F5FCFF",
      "flex": 1,
      "justifyContent": "flex-end",
      "paddingTop": 30,
    }
  }
>
  <NewTodo
    inputValue=""
    onAddItem={[Function]}
    onChange={[Function]}
  />
  <SectionList
    data={Array []}
    disableVirtualization={false}
    enableEmptySections={true}
    horizontal={false}
    initialNumToRender={10}
    keyExtractor={[Function]}
    maxToRenderPerBatch={10}
    onEndReachedThreshold={2}
    onScroll={[Function]}
    renderItem={[Function]}
    renderSectionHeader={[Function]}
    scrollEventThrottle={50}
    sections={
      Array [
        Object {
          "data": Array [
            Object {
              "id": 1,
              "isCompleted": false,
              "text": "foo bar",
            },
          ],
          "key": "Personal",
          "title": "Personal",
        },
      ]
    }
    stickySectionHeadersEnabled={true}
    style={
      Object {
        "backgroundColor": "#b0beff",
        "paddingHorizontal": 10,
        "width": "100%",
      }
    }
    updateCellsBatchingPeriod={50}
    windowSize={21}
  />
</View>
`;
