// Jest Snapshot v1, https://goo.gl/fbAQLP

exports[`renders correctly 1`] = `
<View
  style={
    Object {
      "alignItems": "center",
      "backgroundColor": "#FBFBFB",
      "flex": 1,
      "justifyContent": "flex-end",
      "paddingTop": 30,
    }
  }
>
  <NewTodo
    inputValue=""
    lists={Array []}
    onAddItem={[Function]}
    onChange={[Function]}
  />
  <ExpandableList
    data-test="todo-list"
    dataSource={Array []}
    headerKey="title"
    isOpen={false}
    memberKey="data"
    openOptions={
      Array [
        0,
      ]
    }
    renderRow={[Function]}
    renderSectionHeaderX={[Function]}
    style={
      Object {
        "backgroundColor": "#FBFBFB",
        "paddingHorizontal": 20,
        "width": "100%",
      }
    }
  />
</View>
`;
